###############################################################################
#
# IAR ELF Linker V9.10.2.313/W64 for ARM                  29/Aug/2023  09:51:30
# Copyright 2007-2021 IAR Systems AB.
#
#    Output file  =  E:\IarProject\829ADC\EWARM\829ADC\Exe\829ADC.out
#    Map file     =  E:\IarProject\829ADC\EWARM\829ADC\List\829ADC.map
#    Command line =
#        -f E:\IarProject\829ADC\EWARM\829ADC\Exe\829ADC.out.rsp
#        (E:\IarProject\829ADC\EWARM\829ADC\Obj\Application\User\Core\adc.o
#        E:\IarProject\829ADC\EWARM\829ADC\Obj\Application\User\Core\gpio.o
#        E:\IarProject\829ADC\EWARM\829ADC\Obj\Application\User\Core\main.o
#        E:\IarProject\829ADC\EWARM\829ADC\Obj\Application\EWARM\startup_stm32f091xc.o
#        E:\IarProject\829ADC\EWARM\829ADC\Obj\Drivers\STM32F0xx_HAL_Driver\stm32f0xx_hal.o
#        E:\IarProject\829ADC\EWARM\829ADC\Obj\Drivers\STM32F0xx_HAL_Driver\stm32f0xx_hal_adc.o
#        E:\IarProject\829ADC\EWARM\829ADC\Obj\Drivers\STM32F0xx_HAL_Driver\stm32f0xx_hal_adc_ex.o
#        E:\IarProject\829ADC\EWARM\829ADC\Obj\Drivers\STM32F0xx_HAL_Driver\stm32f0xx_hal_cortex.o
#        E:\IarProject\829ADC\EWARM\829ADC\Obj\Drivers\STM32F0xx_HAL_Driver\stm32f0xx_hal_dma.o
#        E:\IarProject\829ADC\EWARM\829ADC\Obj\Drivers\STM32F0xx_HAL_Driver\stm32f0xx_hal_exti.o
#        E:\IarProject\829ADC\EWARM\829ADC\Obj\Drivers\STM32F0xx_HAL_Driver\stm32f0xx_hal_flash.o
#        E:\IarProject\829ADC\EWARM\829ADC\Obj\Drivers\STM32F0xx_HAL_Driver\stm32f0xx_hal_flash_ex.o
#        E:\IarProject\829ADC\EWARM\829ADC\Obj\Drivers\STM32F0xx_HAL_Driver\stm32f0xx_hal_gpio.o
#        E:\IarProject\829ADC\EWARM\829ADC\Obj\Drivers\STM32F0xx_HAL_Driver\stm32f0xx_hal_i2c.o
#        E:\IarProject\829ADC\EWARM\829ADC\Obj\Drivers\STM32F0xx_HAL_Driver\stm32f0xx_hal_i2c_ex.o
#        E:\IarProject\829ADC\EWARM\829ADC\Obj\Application\User\Core\stm32f0xx_hal_msp.o
#        E:\IarProject\829ADC\EWARM\829ADC\Obj\Drivers\STM32F0xx_HAL_Driver\stm32f0xx_hal_pwr.o
#        E:\IarProject\829ADC\EWARM\829ADC\Obj\Drivers\STM32F0xx_HAL_Driver\stm32f0xx_hal_pwr_ex.o
#        E:\IarProject\829ADC\EWARM\829ADC\Obj\Drivers\STM32F0xx_HAL_Driver\stm32f0xx_hal_rcc.o
#        E:\IarProject\829ADC\EWARM\829ADC\Obj\Drivers\STM32F0xx_HAL_Driver\stm32f0xx_hal_rcc_ex.o
#        E:\IarProject\829ADC\EWARM\829ADC\Obj\Drivers\STM32F0xx_HAL_Driver\stm32f0xx_hal_tim.o
#        E:\IarProject\829ADC\EWARM\829ADC\Obj\Drivers\STM32F0xx_HAL_Driver\stm32f0xx_hal_tim_ex.o
#        E:\IarProject\829ADC\EWARM\829ADC\Obj\Drivers\STM32F0xx_HAL_Driver\stm32f0xx_hal_uart.o
#        E:\IarProject\829ADC\EWARM\829ADC\Obj\Drivers\STM32F0xx_HAL_Driver\stm32f0xx_hal_uart_ex.o
#        E:\IarProject\829ADC\EWARM\829ADC\Obj\Application\User\Core\stm32f0xx_it.o
#        E:\IarProject\829ADC\EWARM\829ADC\Obj\Drivers\CMSIS\system_stm32f0xx.o
#        E:\IarProject\829ADC\EWARM\829ADC\Obj\Application\User\Core\usart.o
#        --no_out_extension -o E:\IarProject\829ADC\EWARM\829ADC\Exe\829ADC.out
#        --redirect _Printf=_PrintfFullNoMb --redirect _Scanf=_ScanfFullNoMb
#        --map E:\IarProject\829ADC\EWARM\829ADC\List\829ADC.map --config
#        E:\IarProject\829ADC\EWARM/stm32f091xc_flash.icf --semihosting --entry
#        __iar_program_start --vfe --text_out locale)
#
###############################################################################

*******************************************************************************
*** RUNTIME MODEL ATTRIBUTES
***

CppFlavor       = *
__SystemLibrary = DLib
__dlib_version  = 6


*******************************************************************************
*** HEAP SELECTION
***

The basic heap was selected because no calls to memory allocation
functions were found in the application outside of system library
functions, and there are calls to deallocation functions in the
application.


*******************************************************************************
*** PLACEMENT SUMMARY
***

"A0":  place at address 0x800'0000 { ro section .intvec };
"P1":  place in [from 0x800'0000 to 0x803'ffff] { ro };
define block CSTACK with size = 1K, alignment = 8 { };
define block HEAP with size = 512, alignment = 8 { };
"P2":  place in [from 0x2000'0000 to 0x2000'7fff] {
          rw, block CSTACK, block HEAP };
initialize by copy { rw };

  Section            Kind         Address    Size  Object
  -------            ----         -------    ----  ------
"A0":                                        0xbc
  .intvec            ro code   0x800'0000    0xbc  startup_stm32f091xc.o [1]
                             - 0x800'00bc    0xbc

"P1":                                      0x33af
  .text              ro code   0x800'00bc   0xffc  xprintffull_nomb.o [5]
  .text              ro code   0x800'10b8    0x12  strchr.o [7]
  .text              ro code   0x800'10ca    0x3e  packbits_init_single.o [7]
  .text              ro code   0x800'1108    0x48  xfail_s.o [5]
  .text              ro code   0x800'1150     0xe  strlen.o [7]
  .rodata            const     0x800'115e     0x2  xlocale_c.o [5]
  .text              ro code   0x800'1160    0x16  memchr.o [7]
  .text              ro code   0x800'1176     0x2  startup_stm32f091xc.o [1]
  .text              ro code   0x800'1178    0x4e  ABImemcpy.o [7]
  .text              ro code   0x800'11c6    0x2a  frexp.o [6]
  .text              ro code   0x800'11f0    0x32  DblCmpLe.o [6]
  .text              ro code   0x800'1222    0x32  DblCmpGe.o [6]
  .text              ro code   0x800'1254    0x70  ldexp.o [6]
  .text              ro code   0x800'12c4    0x52  DblToI32.o [6]
  .text              ro code   0x800'1316     0x2  startup_stm32f091xc.o [1]
  .text              ro code   0x800'1318    0x34  IxxToDbl.o [6]
  .text              ro code   0x800'134c   0x1b4  DblAddSub.o [6]
  .text              ro code   0x800'1500    0x5e  I32DivMod.o [7]
  .text              ro code   0x800'155e    0xc2  DblDiv.o [6]
  .text              ro code   0x800'1620   0x184  DblMul.o [6]
  .text              ro code   0x800'17a4     0xc  xlocale_c.o [5]
  .text              ro code   0x800'17b0    0x7c  I64DivMod.o [7]
  .text              ro code   0x800'182c     0xa  abort.o [5]
  .text              ro code   0x800'1836     0x2  startup_stm32f091xc.o [1]
  .text              ro code   0x800'1838     0x2  IntDivZer.o [7]
  .text              ro code   0x800'183a     0x2  startup_stm32f091xc.o [1]
  .text              ro code   0x800'183c     0x2  I64DivZer.o [7]
  .text              ro code   0x800'183e     0x2  startup_stm32f091xc.o [1]
  .text              ro code   0x800'1840    0x14  exit.o [8]
  .text              ro code   0x800'1854   0x5dc  stm32f0xx_hal_rcc.o [4]
  .text              ro code   0x800'1e30     0xc  stm32f0xx_hal.o [4]
  .text              ro code   0x800'1e3c    0x44  stm32f0xx_hal.o [4]
  .text              ro code   0x800'1e80    0x78  stm32f0xx_hal_cortex.o [4]
  .text              ro code   0x800'1ef8   0x584  stm32f0xx_hal_uart.o [4]
  .text              ro code   0x800'247c    0xac  usart.o [2]
  .text              ro code   0x800'2528    0xa2  main.o [2]
  .text              ro code   0x800'25ca    0x14  memset.o [7]
  .text              ro code   0x800'25de     0x2  startup_stm32f091xc.o [1]
  .text              ro code   0x800'25e0   0x1c4  stm32f0xx_hal_gpio.o [4]
  .text              ro code   0x800'27a4    0x20  stm32f0xx_hal.o [4]
  .text              ro code   0x800'27c4    0x8c  gpio.o [2]
  .text              ro code   0x800'2850   0x1dc  adc.o [2]
  .text              ro code   0x800'2a2c   0x138  stm32f0xx_hal_rcc_ex.o [4]
  .text              ro code   0x800'2b64    0x4e  ABImemset.o [7]
  .text              ro code   0x800'2bb2     0x2  startup_stm32f091xc.o [1]
  .text              ro code   0x800'2bb4    0x30  stm32f0xx_hal_msp.o [2]
  .text              ro code   0x800'2be4   0x550  stm32f0xx_hal_adc.o [4]
  .text              ro code   0x800'3134    0x62  DblToFlt.o [6]
  .text              ro code   0x800'3196     0x2  startup_stm32f091xc.o [1]
  .text              ro code   0x800'3198    0x36  IxxToFlt.o [6]
  .text              ro code   0x800'31ce     0x2  startup_stm32f091xc.o [1]
  .text              ro code   0x800'31d0    0x32  FltToDbl.o [6]
  .text              ro code   0x800'3202     0x2  startup_stm32f091xc.o [1]
  .text              ro code   0x800'3204    0x28  printf.o [5]
  .rodata            const     0x800'322c    0x6a  xprintffull_nomb.o [5]
  .text              ro code   0x800'3296    0x3c  zero_init3.o [7]
  .text              ro code   0x800'32d2     0x2  startup_stm32f091xc.o [1]
  .text              ro code   0x800'32d4    0x28  data_init.o [7]
  .iar.init_table    const     0x800'32fc    0x20  - Linker created -
  .text              ro code   0x800'331c    0x1e  cmain.o [7]
  .text              ro code   0x800'333a     0x4  low_level_init.o [5]
  .text              ro code   0x800'333e     0x8  exit.o [5]
  .text              ro code   0x800'3346     0x2  startup_stm32f091xc.o [1]
  .text              ro code   0x800'3348     0xa  cexit.o [7]
  .text              ro code   0x800'3352     0x2  startup_stm32f091xc.o [1]
  .text              ro code   0x800'3354    0x1c  cstartup_M.o [7]
  .text              ro code   0x800'3370    0x16  xprout.o [5]
  .text              ro code   0x800'3386     0x2  startup_stm32f091xc.o [1]
  .text              ro code   0x800'3388    0x10  putchar.o [5]
  .text              ro code   0x800'3398    0x14  system_stm32f0xx.o [3]
  .text              ro code   0x800'33ac    0x10  startup_stm32f091xc.o [1]
  .text              ro code   0x800'33bc    0x10  stm32f0xx_hal.o [4]
  .text              ro code   0x800'33cc    0x10  stm32f0xx_it.o [2]
  .rodata            const     0x800'33dc     0x8  system_stm32f0xx.o [3]
  .text              ro code   0x800'33e4     0x2  startup_stm32f091xc.o [1]
  .text              ro code   0x800'33e6     0x2  startup_stm32f091xc.o [1]
  .text              ro code   0x800'33e8     0x2  startup_stm32f091xc.o [1]
  .text              ro code   0x800'33ea     0x2  startup_stm32f091xc.o [1]
  .text              ro code   0x800'33ec     0x2  startup_stm32f091xc.o [1]
  .text              ro code   0x800'33ee     0x2  startup_stm32f091xc.o [1]
  .text              ro code   0x800'33f0     0x2  startup_stm32f091xc.o [1]
  .text              ro code   0x800'33f2     0x2  startup_stm32f091xc.o [1]
  .text              ro code   0x800'33f4     0x2  startup_stm32f091xc.o [1]
  .text              ro code   0x800'33f6     0x2  startup_stm32f091xc.o [1]
  .text              ro code   0x800'33f8     0x2  startup_stm32f091xc.o [1]
  .text              ro code   0x800'33fa     0x2  startup_stm32f091xc.o [1]
  .text              ro code   0x800'33fc     0x2  startup_stm32f091xc.o [1]
  .text              ro code   0x800'33fe     0x2  startup_stm32f091xc.o [1]
  .text              ro code   0x800'3400     0x2  startup_stm32f091xc.o [1]
  .text              ro code   0x800'3402     0x2  startup_stm32f091xc.o [1]
  .text              ro code   0x800'3404     0x2  startup_stm32f091xc.o [1]
  .rodata            const     0x800'3406     0x1  xlocale_c.o [5]
  .rodata            const     0x800'3407     0x0  zero_init3.o [7]
  .rodata            const     0x800'3407     0x0  packbits_init_single.o [7]
  Initializer bytes  const     0x800'3407    0x64  <for P2-1>
                             - 0x800'346b  0x33af

"P2", part 1 of 3:                           0x90
  P2-1                        0x2000'0000    0x90  <Init block>
    .data            inited   0x2000'0000     0xc  stm32f0xx_hal.o [4]
    .data            inited   0x2000'000c     0x4  system_stm32f0xx.o [3]
    .data            inited   0x2000'0010    0x38  xlocale_c.o [5]
    .data            inited   0x2000'0048    0x48  xfiles.o [5]
                            - 0x2000'0090    0x90

"P2", part 2 of 3:                          0x11c
  .bss               zero     0x2000'0090    0x88  usart.o [2]
  .bss               zero     0x2000'0118    0x50  xfiles.o [5]
  .bss               zero     0x2000'0168    0x40  adc.o [2]
  .bss               zero     0x2000'01a8     0x4  xfail_s.o [5]
                            - 0x2000'01ac   0x11c

"P2", part 3 of 3:                          0x400
  CSTACK                      0x2000'01b0   0x400  <Block>
    CSTACK           uninit   0x2000'01b0   0x400  <Block tail>
                            - 0x2000'05b0   0x400

Unused ranges:

         From           To      Size
         ----           --      ----
   0x800'346b   0x803'ffff  0x3'cb95
  0x2000'01ac  0x2000'01af       0x4
  0x2000'05b0  0x2000'7fff    0x7a50


*******************************************************************************
*** INIT TABLE
***

          Address      Size
          -------      ----
Zero (__iar_zero_init3)
    1 destination range, total size 0x11c:
          0x2000'0090  0x11c

Copy/packbits (__iar_packbits_init_single3)
    1 source range, total size 0x64 (69% of destination):
           0x800'3407   0x64
    1 destination range, total size 0x90:
          0x2000'0000   0x90



*******************************************************************************
*** MODULE SUMMARY
***

    Module                  ro code  ro data  rw data
    ------                  -------  -------  -------
command line/config:
    -------------------------------------------------
    Total:

E:\IarProject\829ADC\EWARM\829ADC\Obj\Application\EWARM: [1]
    startup_stm32f091xc.o       266
    -------------------------------------------------
    Total:                      266

E:\IarProject\829ADC\EWARM\829ADC\Obj\Application\User\Core: [2]
    adc.o                       476                64
    gpio.o                      140
    main.o                      162
    stm32f0xx_hal_msp.o          48
    stm32f0xx_it.o               16
    usart.o                     172               136
    -------------------------------------------------
    Total:                    1'014               200

E:\IarProject\829ADC\EWARM\829ADC\Obj\Drivers\CMSIS: [3]
    system_stm32f0xx.o           20       11        4
    -------------------------------------------------
    Total:                       20       11        4

E:\IarProject\829ADC\EWARM\829ADC\Obj\Drivers\STM32F0xx_HAL_Driver: [4]
    stm32f0xx_hal.o             128        8       12
    stm32f0xx_hal_adc.o       1'360
    stm32f0xx_hal_cortex.o      120
    stm32f0xx_hal_gpio.o        452
    stm32f0xx_hal_rcc.o       1'500
    stm32f0xx_hal_rcc_ex.o      312
    stm32f0xx_hal_uart.o      1'412
    -------------------------------------------------
    Total:                    5'284        8       12

dl6M_tlf.a: [5]
    abort.o                      10
    exit.o                        8
    low_level_init.o              4
    printf.o                     40
    putchar.o                    16
    xfail_s.o                    72                 4
    xfiles.o                              50      152
    xlocale_c.o                  12       42       56
    xprintffull_nomb.o        4'092      106
    xprout.o                     22
    -------------------------------------------------
    Total:                    4'276      198      212

m6M_tl.a: [6]
    DblAddSub.o                 436
    DblCmpGe.o                   50
    DblCmpLe.o                   50
    DblDiv.o                    194
    DblMul.o                    388
    DblToFlt.o                   98
    DblToI32.o                   82
    FltToDbl.o                   50
    IxxToDbl.o                   52
    IxxToFlt.o                   54
    frexp.o                      42
    ldexp.o                     112
    -------------------------------------------------
    Total:                    1'608

rt6M_tl.a: [7]
    ABImemcpy.o                  78
    ABImemset.o                  78
    I32DivMod.o                  94
    I64DivMod.o                 124
    I64DivZer.o                   2
    IntDivZer.o                   2
    cexit.o                      10
    cmain.o                      30
    cstartup_M.o                 28
    data_init.o                  40
    memchr.o                     22
    memset.o                     20
    packbits_init_single.o       62
    strchr.o                     18
    strlen.o                     14
    zero_init3.o                 60
    -------------------------------------------------
    Total:                      682

shb_l.a: [8]
    exit.o                       20
    -------------------------------------------------
    Total:                       20

    Linker created                        32    1'024
-----------------------------------------------------
    Grand Total:             13'170      249    1'452


*******************************************************************************
*** ENTRY LIST
***

Entry                       Address   Size  Type      Object
-----                       -------   ----  ----      ------
.iar.init_table$$Base    0x800'32fc          --   Gb  - Linker created -
.iar.init_table$$Limit   0x800'331c          --   Gb  - Linker created -
?main                    0x800'331d         Code  Gb  cmain.o [7]
ADC_ConversionStop       0x800'30c3   0x58  Code  Lc  stm32f0xx_hal_adc.o [4]
ADC_Disable              0x800'3059   0x6a  Code  Lc  stm32f0xx_hal_adc.o [4]
ADC_Enable               0x800'2fd1   0x7e  Code  Lc  stm32f0xx_hal_adc.o [4]
ADC_GetValue             0x800'28d5   0xe0  Code  Gb  adc.o [2]
AHBPrescTable            0x800'339c   0x10  Data  Gb  system_stm32f0xx.o [3]
APBPrescTable            0x800'33dc    0x8  Data  Gb  system_stm32f0xx.o [3]
CSTACK$$Base            0x2000'01b0          --   Gb  - Linker created -
CSTACK$$Limit           0x2000'05b0          --   Gb  - Linker created -
Error_Handler            0x800'25c7    0x4  Code  Gb  main.o [2]
HAL_ADC_ConfigChannel    0x800'2ecb  0x102  Code  Gb  stm32f0xx_hal_adc.o [4]
HAL_ADC_GetState         0x800'2fcd    0x4  Code  Gb  stm32f0xx_hal_adc.o [4]
HAL_ADC_GetValue         0x800'2ec5    0x6  Code  Gb  stm32f0xx_hal_adc.o [4]
HAL_ADC_Init             0x800'2be5  0x164  Code  Gb  stm32f0xx_hal_adc.o [4]
HAL_ADC_MspInit          0x800'28b3   0x20  Code  Gb  adc.o [2]
HAL_ADC_PollForConversion
                         0x800'2dd9   0xd0  Code  Gb  stm32f0xx_hal_adc.o [4]
HAL_ADC_Start            0x800'2d49   0x4e  Code  Gb  stm32f0xx_hal_adc.o [4]
HAL_ADC_Stop             0x800'2d97   0x3c  Code  Gb  stm32f0xx_hal_adc.o [4]
HAL_GPIO_Init            0x800'25e1  0x19a  Code  Gb  stm32f0xx_hal_gpio.o [4]
HAL_GPIO_WritePin        0x800'277b    0xc  Code  Gb  stm32f0xx_hal_gpio.o [4]
HAL_GetTick              0x800'1e31    0xc  Code  Gb  stm32f0xx_hal.o [4]
HAL_IncTick              0x800'33bd   0x10  Code  Gb  stm32f0xx_hal.o [4]
HAL_Init                 0x800'27a5   0x1a  Code  Gb  stm32f0xx_hal.o [4]
HAL_InitTick             0x800'1e3d   0x44  Code  Gb  stm32f0xx_hal.o [4]
HAL_MspInit              0x800'2bb5   0x30  Code  Gb  stm32f0xx_hal_msp.o [2]
HAL_NVIC_SetPriority     0x800'1ebb    0x8  Code  Gb  stm32f0xx_hal_cortex.o [4]
HAL_RCCEx_PeriphCLKConfig
                         0x800'2a2d  0x118  Code  Gb  stm32f0xx_hal_rcc_ex.o [4]
HAL_RCC_ClockConfig      0x800'1c75  0x108  Code  Gb  stm32f0xx_hal_rcc.o [4]
HAL_RCC_GetPCLK1Freq     0x800'1dd1   0x14  Code  Gb  stm32f0xx_hal_rcc.o [4]
HAL_RCC_GetSysClockFreq
                         0x800'1d81   0x50  Code  Gb  stm32f0xx_hal_rcc.o [4]
HAL_RCC_GetSysClockFreq::aPLLMULFactorTable
                         0x800'1e10   0x10  Data  Lc  stm32f0xx_hal_rcc.o [4]
HAL_RCC_GetSysClockFreq::aPredivFactorTable
                         0x800'1e20   0x10  Data  Lc  stm32f0xx_hal_rcc.o [4]
HAL_RCC_OscConfig        0x800'1855  0x412  Code  Gb  stm32f0xx_hal_rcc.o [4]
HAL_SYSTICK_Config       0x800'1ec3   0x28  Code  Gb  stm32f0xx_hal_cortex.o [4]
HAL_UART_Init            0x800'1ef9   0x56  Code  Gb  stm32f0xx_hal_uart.o [4]
HAL_UART_MspInit         0x800'24ad   0x5a  Code  Gb  usart.o [2]
HAL_UART_Transmit        0x800'1f65   0xda  Code  Gb  stm32f0xx_hal_uart.o [4]
HardFault_Handler        0x800'33cf    0x2  Code  Gb  stm32f0xx_it.o [2]
MX_ADC_Init              0x800'2851   0x62  Code  Gb  adc.o [2]
MX_GPIO_Init             0x800'27c5   0x8c  Code  Gb  gpio.o [2]
MX_USART2_UART_Init      0x800'247d   0x30  Code  Gb  usart.o [2]
NMI_Handler              0x800'33cd    0x2  Code  Gb  stm32f0xx_it.o [2]
PendSV_Handler           0x800'33d3    0x2  Code  Gb  stm32f0xx_it.o [2]
Region$$Table$$Base      0x800'32fc          --   Gb  - Linker created -
Region$$Table$$Limit     0x800'331c          --   Gb  - Linker created -
SVC_Handler              0x800'33d1    0x2  Code  Gb  stm32f0xx_it.o [2]
SysTick_Handler          0x800'33d5    0x8  Code  Gb  stm32f0xx_it.o [2]
SystemClock_Config       0x800'2545   0x82  Code  Gb  main.o [2]
SystemCoreClock         0x2000'000c    0x4  Data  Gb  system_stm32f0xx.o [3]
SystemInit               0x800'3399    0x2  Code  Gb  system_stm32f0xx.o [3]
UART_AdvFeatureConfig    0x800'21a7   0xc8  Code  Gb  stm32f0xx_hal_uart.o [4]
UART_CheckIdleState      0x800'2289   0xae  Code  Gb  stm32f0xx_hal_uart.o [4]
UART_EndRxTransfer       0x800'2419   0x5e  Code  Lc  stm32f0xx_hal_uart.o [4]
UART_SetConfig           0x800'203f  0x166  Code  Gb  stm32f0xx_hal_uart.o [4]
UART_WaitOnFlagUntilTimeout
                         0x800'235d   0x98  Code  Gb  stm32f0xx_hal_uart.o [4]
_LitobFullNoMb           0x800'0ef1  0x124  Code  Lc  xprintffull_nomb.o [5]
_Locale_lconv           0x2000'0010   0x38  Data  Lc  xlocale_c.o [5]
_PrintfFullNoMb          0x800'00bd  0xe34  Code  Gb  xprintffull_nomb.o [5]
_Prout                   0x800'3371   0x16  Code  Gb  xprout.o [5]
_PutcharFullNoMb         0x800'1061   0x22  Code  Lc  xprintffull_nomb.o [5]
_PutcharsFullNoMb        0x800'1083   0x36  Code  Lc  xprintffull_nomb.o [5]
__ICFEDIT_region_RAM_end__ {Abs}
                        0x2000'7fff         Data  Gb  <internal module>
__ICFEDIT_region_RAM_start__ {Abs}
                        0x2000'0000         Data  Gb  <internal module>
__NVIC_SetPriority       0x800'1e81   0x3a  Code  Lc  stm32f0xx_hal_cortex.o [4]
__aeabi_cdcmple          0x800'11f1         Code  Gb  DblCmpLe.o [6]
__aeabi_cdrcmple         0x800'1223         Code  Gb  DblCmpGe.o [6]
__aeabi_d2f              0x800'3135         Code  Gb  DblToFlt.o [6]
__aeabi_d2iz             0x800'12c5         Code  Gb  DblToI32.o [6]
__aeabi_d2uiz            0x800'12e9         Code  Gb  DblToI32.o [6]
__aeabi_dadd             0x800'134d         Code  Gb  DblAddSub.o [6]
__aeabi_ddiv             0x800'155f         Code  Gb  DblDiv.o [6]
__aeabi_dmul             0x800'1621         Code  Gb  DblMul.o [6]
__aeabi_dsub             0x800'1413         Code  Gb  DblAddSub.o [6]
__aeabi_f2d              0x800'31d1         Code  Gb  FltToDbl.o [6]
__aeabi_i2d              0x800'1339         Code  Gb  IxxToDbl.o [6]
__aeabi_i2f              0x800'31b9         Code  Gb  IxxToFlt.o [6]
__aeabi_idiv0            0x800'1839         Code  Gb  IntDivZer.o [7]
__aeabi_ldiv0            0x800'183d         Code  Gb  I64DivZer.o [7]
__aeabi_memcpy           0x800'11ad         Code  Gb  ABImemcpy.o [7]
__aeabi_memcpy4          0x800'1179         Code  Gb  ABImemcpy.o [7]
__aeabi_memcpy8          0x800'1179         Code  Gb  ABImemcpy.o [7]
__aeabi_memset           0x800'2b65         Code  Gb  ABImemset.o [7]
__aeabi_ui2d             0x800'1319         Code  Gb  IxxToDbl.o [6]
__aeabi_ui2f             0x800'3199         Code  Gb  IxxToFlt.o [6]
__aeabi_uldivmod         0x800'17b1         Code  Gb  I64DivMod.o [7]
__cmain                  0x800'331d         Code  Gb  cmain.o [7]
__exit                   0x800'1841   0x14  Code  Gb  exit.o [8]
__iar_Fail_s             0x800'1109   0x22  Code  Gb  xfail_s.o [5]
__iar_Memchr             0x800'1161         Code  Gb  memchr.o [7]
__iar_Memcpy             0x800'11b9         Code  Gb  ABImemcpy.o [7]
__iar_Memset4_word       0x800'2b85         Code  Gb  ABImemset.o [7]
__iar_Memset_word        0x800'2b71         Code  Gb  ABImemset.o [7]
__iar_Stdout            0x2000'0048   0x48  Data  Gb  xfiles.o [5]
__iar_Strchr             0x800'10b9         Code  Gb  strchr.o [7]
__iar_d2uiz              0x800'12ed         Code  Gb  DblToI32.o [6]
__iar_data_init3         0x800'32d5   0x28  Code  Gb  data_init.o [7]
__iar_frexp              0x800'11d3         Code  Gb  frexp.o [6]
__iar_frexp64            0x800'11c7         Code  Gb  frexp.o [6]
__iar_frexpl             0x800'11d3         Code  Gb  frexp.o [6]
__iar_ldexp64            0x800'1255         Code  Gb  ldexp.o [6]
__iar_packbits_init_single3
                         0x800'10cb   0x3e  Code  Gb  packbits_init_single.o [7]
__iar_program_start      0x800'3355         Code  Gb  cstartup_M.o [7]
__iar_scalbln64          0x800'1255         Code  Gb  ldexp.o [6]
__iar_scalbn64           0x800'1255         Code  Gb  ldexp.o [6]
__iar_small_idiv         0x800'1501         Code  Gb  I32DivMod.o [7]
__iar_small_idivmod      0x800'1501         Code  Gb  I32DivMod.o [7]
__iar_small_uidiv        0x800'1529         Code  Gb  I32DivMod.o [7]
__iar_small_uidivmod     0x800'1529         Code  Gb  I32DivMod.o [7]
__iar_zero_init3         0x800'3297   0x3c  Code  Gb  zero_init3.o [7]
__low_level_init         0x800'333b    0x4  Code  Gb  low_level_init.o [5]
__vector_table           0x800'0000         Data  Gb  startup_stm32f091xc.o [1]
_call_main               0x800'3329         Code  Gb  cmain.o [7]
_exit                    0x800'3349         Code  Gb  cexit.o [7]
abort                    0x800'182d    0xa  Code  Gb  abort.o [5]
exit                     0x800'333f    0x8  Code  Gb  exit.o [5]
fputc                    0x800'2507   0x12  Code  Gb  usart.o [2]
frexp                    0x800'11c7         Code  Gb  frexp.o [6]
frexpl                   0x800'11c7         Code  Gb  frexp.o [6]
hadc                    0x2000'0168   0x40  Data  Gb  adc.o [2]
huart2                  0x2000'0090   0x88  Data  Gb  usart.o [2]
ldexp                    0x800'1255         Code  Gb  ldexp.o [6]
ldexpl                   0x800'1255         Code  Gb  ldexp.o [6]
localeconv               0x800'17a5    0x4  Code  Gb  xlocale_c.o [5]
main                     0x800'2529   0x1c  Code  Gb  main.o [2]
memchr                   0x800'1161         Code  Gb  memchr.o [7]
memset                   0x800'25cb   0x14  Code  Gb  memset.o [7]
obuf                    0x2000'0118   0x50  Data  Lc  xfiles.o [5]
printf                   0x800'3205   0x28  Code  Gb  printf.o [5]
putchar                  0x800'3389   0x10  Code  Gb  putchar.o [5]
scalbln                  0x800'1255         Code  Gb  ldexp.o [6]
scalblnl                 0x800'1255         Code  Gb  ldexp.o [6]
scalbn                   0x800'1255         Code  Gb  ldexp.o [6]
scalbnl                  0x800'1255         Code  Gb  ldexp.o [6]
scale                    0x800'1015   0x44  Code  Lc  xprintffull_nomb.o [5]
sec_hand                0x2000'01a8    0x4  Data  Lc  xfail_s.o [5]
strchr                   0x800'10b9         Code  Gb  strchr.o [7]
strlen                   0x800'1151         Code  Gb  strlen.o [7]
uwTick                  0x2000'0004    0x4  Data  Gb  stm32f0xx_hal.o [4]
uwTickFreq              0x2000'0000    0x1  Data  Gb  stm32f0xx_hal.o [4]
uwTickPrio              0x2000'0008    0x4  Data  Gb  stm32f0xx_hal.o [4]


[1] = E:\IarProject\829ADC\EWARM\829ADC\Obj\Application\EWARM
[2] = E:\IarProject\829ADC\EWARM\829ADC\Obj\Application\User\Core
[3] = E:\IarProject\829ADC\EWARM\829ADC\Obj\Drivers\CMSIS
[4] = E:\IarProject\829ADC\EWARM\829ADC\Obj\Drivers\STM32F0xx_HAL_Driver
[5] = dl6M_tlf.a
[6] = m6M_tl.a
[7] = rt6M_tl.a
[8] = shb_l.a

  13'170 bytes of readonly  code memory
     249 bytes of readonly  data memory
   1'452 bytes of readwrite data memory

Errors: none
Warnings: none
